// Jest Snapshot v1, https://goo.gl/fbAQLP

exports[`Router Component should render a basic component 1`] = `
<div
  className="app-content"
>
  <Switch>
    <Route
      component={[Function]}
      exact={true}
      key="/home"
      path="/home"
    />
    <Route
      component={[Function]}
      exact={true}
      key="/help"
      path="/help"
    />
    <Redirect
      from="/"
      push={false}
      to="/home"
    />
  </Switch>
</div>
`;
